[www.learnjavaonline.org/index.html]
[backblue.gif]
[fade.gif]
[index.html]
[www.learnjavaonline.org/static/img/share-logos/learnjavaonline.org.png]
[www.learnjavaonline.org/static/img/favicons/learnjavaonline.org.ico]
[www.learnjavaonline.org/static/css/bootstrap.min.css]
[www.learnjavaonline.org/static/css/codemirror.css]
[www.learnjavaonline.org/static/css/theme/xq-light-media.css]
[www.learnjavaonline.org/static/css/theme/xq-dark-media.css]
[www.learnjavaonline.org/static/css/prism-light.css]
[www.learnjavaonline.org/static/css/prism-dark.css]
[pagead2.googlesyndication.com/pagead/js/f.txt]
[www.learnjavaonline.org/static/css/learnpython.css]
[www.learnjavaonline.org/static/img/icon20x24px-exported-transparent.png]
[www.learnjavaonline.org/about.html]
[www.learnjavaonline.org/static/img/banners/cfk/cfk-billboard.png]
[www.learnjavaonline.org/cn/index.html]
[www.learnjavaonline.org/en/index.html]
[www.learnjavaonline.org/en/Hello,_World!.html]
[www.learnjavaonline.org/en/Variables_and_Types.html]
[www.learnjavaonline.org/en/Conditionals.html]
[www.learnjavaonline.org/en/Arrays.html]
[www.learnjavaonline.org/en/Loops.html]
[www.learnjavaonline.org/en/Functions.html]
[www.learnjavaonline.org/en/Objects.html]
[www.learnjavaonline.org/en/Compiling_and_Running_with_Arguments.html]
[www.learnjavaonline.org/en/Inheritance.html]
[www.learnjavaonline.org/en/Try_and_Catch.html]
[www.learnjavaonline.org/en/Abstract_Classes.html]
[www.learnjavaonline.org/en/Interfaces.html]
[www.learnjavaonline.org/en/Using_Generics.html]
[www.learnjavaonline.org/en/Collections.html]
[www.learnjavaonline.org/en/Wrappers_and_Autoboxing.html]
[www.learnjavaonline.org/en/Exceptions.html]
[www.learnjavaonline.org/en/Generic_Types.html]
[www.learnjavaonline.org/en/IO_Streams.html]
[www.learnjavaonline.org/en/Contributing_Tutorials.html]
[www.learnjavaonline.org/static/img/banners/cfk/promo_high.png]
[www.learnjavaonline.org/static/img/banners/digital-ocean.svg]
[www.learnjavaonline.org/static/img/logos/spoj.png]
[www.learnjavaonline.org/static/img/masterschool.png]
[www.learnjavaonline.org/tos.html]
[www.learnjavaonline.org/privacy.html]
[code.jquery.com/jquery-1.12.4.min.js]
[cdnjs.cloudflare.com/ajax/libs/popper.js/1.12.9/umd/popper.min.js]
[www.learnjavaonline.org/static/img/cfk.png]
[www.learnjavaonline.org/static/img/cfk-promo.png]
[www.learnjavaonline.org/static/js/prism.js]
[buttons.github.io/buttons.js]
[cdnjs.cloudflare.com/ajax/libs/font-awesome/5.15.1/css/all.min.css]
[www.learnjavaonline.org/static/js/codemirror/codemirror.js]
[www.learnjavaonline.org/static/js/codemirror/addon/edit/matchbrackets.js]
[www.learnjavaonline.org/static/js/codemirror/mode/clike/clike.js]
[www.learnjavaonline.org/static/js/codemirror/mode/xml/xml.js]
[www.learnjavaonline.org/static/js/codemirror/mode/css/css.js]
[www.learnjavaonline.org/static/js/codemirror/mode/htmlembedded/htmlembedded.js]
[www.learnjavaonline.org/static/js/codemirror/mode/htmlmixed/htmlmixed.js]
[www.learnjavaonline.org/static/js/bootstrap.min.js]
[www.google-analytics.com/analytics.js]
[www.learnjavaonline.org/static/js/bootbox.min.js]
[www.learnjavaonline.org/index.html]
[www.learnjavaonline.org/static/css/bootstrap.min.css]
[www.learnjavaonline.org/static/css/codemirror.css]
[www.learnjavaonline.org/static/css/theme/xq-light-media.css]
[www.learnjavaonline.org/static/css/theme/xq-dark-media.css]
[www.learnjavaonline.org/static/css/prism-light.css]
[www.learnjavaonline.org/static/css/prism-dark.css]
[www.learnjavaonline.org/static/css/learnpython.css]
[www.learnjavaonline.org/static/js/learnpython.js]
[www.learnjavaonline.org/static/img/logos/interactivetutorials-large.png]
[www.learnjavaonline.org/cdn-cgi/l/email-protection.html]
[www.learnjavaonline.org/about.html]
[www.learnjavaonline.org/cdn-cgi/scripts/5c5dd728/cloudflare-static/email-decode.min.js]
[www.learnjavaonline.org/cn/Hello,_World!.html]
[www.learnjavaonline.org/cn/变量和类型.html]
[www.learnjavaonline.org/cn/条件语句.html]
[www.learnjavaonline.org/cn/数组.html]
[www.learnjavaonline.org/cn/循环语句.html]
[www.learnjavaonline.org/cn/方法.html]
[www.learnjavaonline.org/cn/对象.html]
[www.learnjavaonline.org/cn/编译和运行参数.html]
[www.learnjavaonline.org/cn/继承.html]
[www.learnjavaonline.org/cn/捕获异常.html]
[www.learnjavaonline.org/cn/抽象类.html]
[www.learnjavaonline.org/cn/接口.html]
[www.learnjavaonline.org/cn/使用泛型.html]
[www.learnjavaonline.org/cn/集合.html]
[www.learnjavaonline.org/cn/自动装箱.html]
[www.learnjavaonline.org/cn/异常.html]
[www.learnjavaonline.org/cn/泛型类型.html]
[www.learnjavaonline.org/cn/流.html]
[www.learnjavaonline.org/cn/index.html]
[www.learnjavaonline.org/en/index.html]
[www.learnjavaonline.org/cn/合作流程.html]
[www.learnjavaonline.org/en/Hello,_World!.html]
[www.learnjavaonline.org/en/Welcome.html]
[www.learnjavaonline.org/en/Variables_and_Types.html]
[www.learnjavaonline.org/en/Conditionals.html]
[www.learnjavaonline.org/en/Arrays.html]
[www.learnjavaonline.org/en/Loops.html]
[www.learnjavaonline.org/en/Functions.html]
[www.learnjavaonline.org/en/Objects.html]
[www.learnjavaonline.org/en/Compiling_and_Running_with_Arguments.html]
[www.learnjavaonline.org/en/Inheritance.html]
[www.learnjavaonline.org/en/Try_and_Catch.html]
[www.learnjavaonline.org/en/Abstract_Classes.html]
[www.learnjavaonline.org/en/Interfaces.html]
[www.learnjavaonline.org/en/Using_Generics.html]
[www.learnjavaonline.org/en/Collections.html]
[www.learnjavaonline.org/en/Wrappers_and_Autoboxing.html]
[www.learnjavaonline.org/en/Exceptions.html]
[www.learnjavaonline.org/en/Generic_Types.html]
[www.learnjavaonline.org/en/IO_Streams.html]
[www.learnjavaonline.org/en/Contributing_Tutorials.html]
[www.learnjavaonline.org/static/img/banners/digital-ocean.svg]
[www.learnjavaonline.org/tos.html]
[www.learnjavaonline.org/privacy.html]
[cdnjs.cloudflare.com/ajax/libs/font-awesome/5.15.1/css/all.min.css]
[www.learnjavaonline.org/cdn-cgi/l/email-protection.html]
[www.learnjavaonline.org/en/Hello,_World!-2.html]
[www.learnjavaonline.org/cn/Hello,_World!.html]
[www.learnjavaonline.org/cn/Welcome.html]
[www.learnjavaonline.org/cn/变量和类型.html]
[www.learnjavaonline.org/cn/条件语句.html]
[www.learnjavaonline.org/cn/数组.html]
[www.learnjavaonline.org/cn/循环语句.html]
[www.learnjavaonline.org/cn/方法.html]
[www.learnjavaonline.org/cn/对象.html]
[www.learnjavaonline.org/cn/编译和运行参数.html]
[www.learnjavaonline.org/cn/继承.html]
[www.learnjavaonline.org/cn/捕获异常.html]
[www.learnjavaonline.org/cn/抽象类.html]
[www.learnjavaonline.org/cn/接口.html]
[www.learnjavaonline.org/cn/使用泛型.html]
[www.learnjavaonline.org/cn/集合.html]
[www.learnjavaonline.org/cn/自动装箱.html]
[www.learnjavaonline.org/cn/异常.html]
[www.learnjavaonline.org/cn/泛型类型.html]
[www.learnjavaonline.org/cn/流.html]
[www.learnjavaonline.org/cn/合作流程.html]
[www.learnjavaonline.org/en/Welcome.html]
[www.learnjavaonline.org/en/Hello,_World!-2.html]
[www.learnjavaonline.org/cn/Welcome.html]
[www.learnjavaonline.org/cn/Hello,_World!-2.html]
[www.learnjavaonline.org/cn/Hello,_World!-2.html]
